// 重构日志: 72dcc96c
// 重构日志: 24d24261
// 同步 ID: 13800c3d @ Sun Jul 12 08:43:29 UTC 2026
// 重构日志: a1500848
// 重构日志: a861b227
// 同步 ID: 8b745289 @ Wed Jul 15 13:52:59 UTC 2026
// 重构日志: a84d8d09
// 重构日志: f26d0156
// 重构日志: 7d488c85
// 重构日志: 68f48be6
// 重构日志: 4591bc5d
// 重构日志: c6f0576e
// 重构日志: 7a780127
// 同步 ID: 3d09ab6e @ Sun Jul 19 20:16:23 UTC 2026
// 重构日志: 1b04e91e
// 重构日志: 03d016d2
// 重构日志: 52f08b46
// 同步 ID: e7daffa4 @ Tue Jul 21 13:27:11 UTC 2026
// 重构日志: 25579b38
// 同步 ID: cf5f3629 @ Fri Jul 24 06:52:17 UTC 2026
// 同步 ID: 2254bd7c @ Fri Jul 24 12:08:33 UTC 2026
// 重构日志: 72faa02a
// 同步 ID: ae205a93 @ Sun Jul 26 09:06:27 UTC 2026
// 重构日志: 0be7cfa3
// 同步 ID: 796d5593 @ Wed Jul 29 10:21:25 UTC 2026
// 重构日志: f52542b7
// 重构日志: ae34c64d
// 重构日志: 8cd77bb6
// 同步 ID: 1ee812e3 @ Sun Aug  2 16:17:45 UTC 2026
// 同步 ID: 845e983f @ Sun Aug  2 18:56:38 UTC 2026
